Log created: 2026-07-24T17:22:21.829685000Z
Process ID:  8948 (0x22f4)
Parent PID:  3169 (0xc61)
Executable:  /usr/lib/virtualbox/VirtualBoxVM
Arg[0]: /usr/lib/virtualbox/VirtualBoxVM
Arg[1]: --comment
Arg[2]: Windows-Target-Hasib-v3
Arg[3]: --startvm
Arg[4]: cf6e7518-4874-4c10-a7be-211d571e9986
Arg[5]: --no-startvm-errormsgbox
E1000 #0: port=c1b0 mmio=00000000e4640000 mac-cfg=08:00:27:29:b0:ad 82540EM R0
General registers ------------------------------------------------------------------
   CTRL=40000249  STATUS=00000083    EECD=00000140    EERD=00000000  LEDCTL=07068302
    FLA=00000000    MDIC=18350000                                  CTRL_EXT=00000000
   FCAL=00000000    FCAH=00000000     FCT=00000000     VET=00008100   FCTTV=00000000
    PBA=00000000    TXCW=00000000    RXCW=00000000              EXTCNF_CTRL=00000000
Interrupt registers ----------------------------------------------------------------
    ICR=00000000     ITR=00000000     ICS=00000000     IMS=0000009d     IMC=00000000
Receive registers ------------------------------------------------------------------
   RCTL=00048002  PSRCTL=00040402   FCRTL=00000000   FCRTH=00000000  RXDCTL=00000000
  RDBAL=92ce1000   RDBAH=00000001   RDLEN=00001000     RDH=0000008c     RDT=00000087
   RDTR=00000000    RADV=00000000   RSRPD=00000000  RXCSUM=00000300   RFCTL=00000000
Transmit registers -----------------------------------------------------------------
   TCTL=0004010a    TIPG=00602008    AIFS=00000000
  TDBAL=976cb000   TDBAH=00000001   TDLEN=00002000     TDH=00000160     TDT=00000160
   TIDV=0000001c  TXDMAC=00000000  TXDCTL=01010000    TADV=00000000   TSPMT=01000400
Management registers ---------------------------------------------------------------
    WUC=00000000    WUFC=00000000     WUS=00000000
   IPAV=00000000    MANC=00000000    WUPL=00000000
Statistics registers ---------------------------------------------------------------
CRCERRS=00000000                 ALGNERRC=00000000 SYMERRS=00000000  RXERRC=00000000 
    MPC=00000000     SCC=00000000    ECOL=00000000
    MCC=00000000 LATECOL=00000000    COLC=00000000
     DC=00000000   TNCRS=00000000     SEC=00000000 CEXTERR=00000000    RLEC=00000000
 XONRXC=00000000  XONTXC=00000000 XOFFRXC=00000000 XOFFTXC=00000000   FCRUC=00000000
  PRC64=0000167b  PRC127=00000382  PRC255=0000031d
 PRC511=00000155 PRC1023=00000149 PRC1522=000008d4
   GPRC=0000001f    BPRC=00000000    MPRC=00000000    GPTC=0000000f
  GORCL=000064b1   GORCH=00000000   GOTCL=00000b77   GOTCH=00000000    RNBC=00000000
    RUC=00000000     RFC=00000000     ROC=00000000     RJC=00000000
 MGTPRC=00000000  MGTPDC=00000000  MGTPTC=00000000     TPR=00000000     TPT=00000000
   TORL=00000000    TORH=00000000    TOTL=00000000    TOTH=00000000
  PTC64=00000000  PTC127=00001d6b  PTC255=00000211
 PTC511=000000a0 PTC1023=00000083 PTC1522=00000121
   MPTC=00000000    BPTC=00000000   TSCTC=000000ad  TSCTFC=00000000
Diagnostic registers ---------------------------------------------------------------
   RDFH=00000000    RDFT=00000000   RDFHS=00000000   RDFTS=00000000   RDFPC=00000000
   TDFH=00000000    TDFT=00000000   TDFHS=00000000   TDFTS=00000000   TDFPC=00000000

RA00: DST 08:00:27:29:b0:ad
RA01: DST 33:33:00:00:00:01
RA02: DST 01:00:5e:00:00:01
RA03: DST 33:33:00:01:00:03
RA04: DST 33:33:00:00:00:0c
RA05: DST 33:33:ff:05:7e:78
RA06: DST 33:33:ff:53:65:b9
RA07: DST 01:00:5e:7f:ff:fa
RA08: DST 33:33:00:00:00:fb
RA09: DST 01:00:5e:00:00:fb
RA10: DST 01:00:5e:00:00:fc
RA11: DST 33:33:ff:c1:eb:fc

PHY registers ----------------------------------------------------------------------
    PCTRL=1340  PSTATUS=796d      PID=0141     EPID=0c24      ANA=0de1      LPA=01e0
      ANE=0000      NPT=2001      LPN=0000     GCON=1e00  GSTATUS=0000 EPSTATUS=3000
    PSCON=0868   PSSTAT=bc08    PINTE=0000    PINTS=0000  EPSCON1=0d60     PREC=0000
  EPSCON2=000c    R30PS=0000    R30AW=0000

PHY MDIO: state=MDIO_IDLE acc=0 cnt=0 addr=0

E1000 #1: port=c1a8 mmio=00000000e4620000 mac-cfg=08:00:27:6a:4b:7e 82540EM R0
General registers ------------------------------------------------------------------
   CTRL=40000249  STATUS=00000083    EECD=00000140    EERD=00000000  LEDCTL=07068302
    FLA=00000000    MDIC=18350000                                  CTRL_EXT=00000000
   FCAL=00000000    FCAH=00000000     FCT=00000000     VET=00008100   FCTTV=00000000
    PBA=00000000    TXCW=00000000    RXCW=00000000              EXTCNF_CTRL=00000000
Interrupt registers ----------------------------------------------------------------
    ICR=00000000     ITR=00000000     ICS=00000000     IMS=0000009d     IMC=00000000
Receive registers ------------------------------------------------------------------
   RCTL=00048002  PSRCTL=00040402   FCRTL=00000000   FCRTH=00000000  RXDCTL=00000000
  RDBAL=92fab000   RDBAH=00000001   RDLEN=00001000     RDH=000000f2     RDT=000000f0
   RDTR=00000000    RADV=00000000   RSRPD=00000000  RXCSUM=00000300   RFCTL=00000000
Transmit registers -----------------------------------------------------------------
   TCTL=0004010a    TIPG=00602008    AIFS=00000000
  TDBAL=92e02000   TDBAH=00000001   TDLEN=00002000     TDH=0000019e     TDT=0000019e
   TIDV=0000001c  TXDMAC=00000000  TXDCTL=01010000    TADV=00000000   TSPMT=01000400
Management registers ---------------------------------------------------------------
    WUC=00000000    WUFC=00000000     WUS=00000000
   IPAV=00000000    MANC=00000000    WUPL=00000000
Statistics registers ---------------------------------------------------------------
CRCERRS=00000000                 ALGNERRC=00000000 SYMERRS=00000000  RXERRC=00000000 
    MPC=00000000     SCC=00000000    ECOL=00000000
    MCC=00000000 LATECOL=00000000    COLC=00000000
     DC=00000000   TNCRS=00000000     SEC=00000000 CEXTERR=00000000    RLEC=00000000
 XONRXC=00000000  XONTXC=00000000 XOFFRXC=00000000 XOFFTXC=00000000   FCRUC=00000000
  PRC64=00000985  PRC127=000000cf  PRC255=000008fa
 PRC511=00000186 PRC1023=0000005b PRC1522=000038c3
   GPRC=00000000    BPRC=00000000    MPRC=00000000    GPTC=00000000
  GORCL=00000000   GORCH=00000000   GOTCL=00000000   GOTCH=00000000    RNBC=00000000
    RUC=00000000     RFC=00000000     ROC=00000000     RJC=00000000
 MGTPRC=00000000  MGTPDC=00000000  MGTPTC=00000000     TPR=00000000     TPT=00000000
   TORL=00000000    TORH=00000000    TOTL=00000000    TOTH=00000000
  PTC64=00000000  PTC127=00000635  PTC255=0000082f
 PTC511=000001bc PTC1023=00000014 PTC1522=00000068
   MPTC=00000000    BPTC=00000000   TSCTC=0000003e  TSCTFC=00000000
Diagnostic registers ---------------------------------------------------------------
   RDFH=00000000    RDFT=00000000   RDFHS=00000000   RDFTS=00000000   RDFPC=00000000
   TDFH=00000000    TDFT=00000000   TDFHS=00000000   TDFTS=00000000   TDFPC=00000000

RA00: DST 08:00:27:6a:4b:7e
RA01: DST 33:33:00:00:00:01
RA02: DST 01:00:5e:00:00:01
RA03: DST 33:33:00:01:00:03
RA04: DST 33:33:00:00:00:0c
RA05: DST 01:00:5e:7f:ff:fa
RA06: DST 33:33:00:00:00:fb
RA07: DST 01:00:5e:00:00:fb
RA08: DST 01:00:5e:00:00:fc
RA09: DST 33:33:ff:b6:5c:fd

PHY registers ----------------------------------------------------------------------
    PCTRL=1340  PSTATUS=796d      PID=0141     EPID=0c24      ANA=0de1      LPA=01e0
      ANE=0000      NPT=2001      LPN=0000     GCON=1e00  GSTATUS=0000 EPSTATUS=3000
    PSCON=0868   PSSTAT=bc08    PINTE=0000    PINTS=0000  EPSCON1=0d60     PREC=0000
  EPSCON2=000c    R30PS=0000    R30AW=0000

PHY MDIO: state=MDIO_IDLE acc=0 cnt=0 addr=0

E1000 #2: port=c1a0 mmio=00000000e4600000 mac-cfg=08:00:27:5c:29:45 82540EM R0
General registers ------------------------------------------------------------------
   CTRL=40000249  STATUS=00000083    EECD=00000140    EERD=00000000  LEDCTL=07068302
    FLA=00000000    MDIC=18350000                                  CTRL_EXT=00000000
   FCAL=00000000    FCAH=00000000     FCT=00000000     VET=00008100   FCTTV=00000000
    PBA=00000000    TXCW=00000000    RXCW=00000000              EXTCNF_CTRL=00000000
Interrupt registers ----------------------------------------------------------------
    ICR=00000000     ITR=00000000     ICS=00000000     IMS=0000009d     IMC=00000000
Receive registers ------------------------------------------------------------------
   RCTL=00048002  PSRCTL=00040402   FCRTL=00000000   FCRTH=00000000  RXDCTL=00000000
  RDBAL=90a09000   RDBAH=00000001   RDLEN=00001000     RDH=0000001f     RDT=0000001e
   RDTR=00000000    RADV=00000000   RSRPD=00000000  RXCSUM=00000300   RFCTL=00000000
Transmit registers -----------------------------------------------------------------
   TCTL=0004010a    TIPG=00602008    AIFS=00000000
  TDBAL=93ba7000   TDBAH=00000001   TDLEN=00002000     TDH=00000063     TDT=00000063
   TIDV=0000001c  TXDMAC=00000000  TXDCTL=01010000    TADV=00000000   TSPMT=01000400
Management registers ---------------------------------------------------------------
    WUC=00000000    WUFC=00000000     WUS=00000000
   IPAV=00000000    MANC=00000000    WUPL=00000000
Statistics registers ---------------------------------------------------------------
CRCERRS=00000000                 ALGNERRC=00000000 SYMERRS=00000000  RXERRC=00000000 
    MPC=00000000     SCC=00000000    ECOL=00000000
    MCC=00000000 LATECOL=00000000    COLC=00000000
     DC=00000000   TNCRS=00000000     SEC=00000000 CEXTERR=00000000    RLEC=00000000
 XONRXC=00000000  XONTXC=00000000 XOFFRXC=00000000 XOFFTXC=00000000   FCRUC=00000000
  PRC64=00001cd8  PRC127=000007ee  PRC255=0000132a
 PRC511=000000b8 PRC1023=00000119 PRC1522=0000005e
   GPRC=0000000c    BPRC=00000000    MPRC=00000000    GPTC=00000009
  GORCL=0000065b   GORCH=00000000   GOTCL=00000bd1   GOTCH=00000000    RNBC=00000000
    RUC=00000000     RFC=00000000     ROC=00000000     RJC=00000000
 MGTPRC=00000000  MGTPDC=00000000  MGTPTC=00000000     TPR=00000000     TPT=00000000
   TORL=00000000    TORH=00000000    TOTL=00000000    TOTH=00000000
  PTC64=00000000  PTC127=00002060  PTC255=0000000e
 PTC511=00001328 PTC1023=00000172 PTC1522=0000004f
   MPTC=00000000    BPTC=00000000   TSCTC=00000001  TSCTFC=00000000
Diagnostic registers ---------------------------------------------------------------
   RDFH=00000000    RDFT=00000000   RDFHS=00000000   RDFTS=00000000   RDFPC=00000000
   TDFH=00000000    TDFT=00000000   TDFHS=00000000   TDFTS=00000000   TDFPC=00000000

RA00: DST 08:00:27:5c:29:45
RA01: DST 33:33:00:00:00:01
RA02: DST 01:00:5e:00:00:01
RA03: DST 33:33:00:01:00:03
RA04: DST 33:33:00:00:00:0c
RA05: DST 33:33:ff:6f:03:bb
RA06: DST 01:00:5e:7f:ff:fa
RA07: DST 33:33:00:00:00:fb
RA08: DST 01:00:5e:00:00:fb
RA09: DST 01:00:5e:00:00:fc

PHY registers ----------------------------------------------------------------------
    PCTRL=1340  PSTATUS=796d      PID=0141     EPID=0c24      ANA=0de1      LPA=01e0
      ANE=0000      NPT=2001      LPN=0000     GCON=1e00  GSTATUS=0000 EPSTATUS=3000
    PSCON=0868   PSSTAT=bc08    PINTE=0000    PINTS=0000  EPSCON1=0d60     PREC=0000
  EPSCON2=000c    R30PS=0000    R30AW=0000

PHY MDIO: state=MDIO_IDLE acc=0 cnt=0 addr=0

