Log created: 2026-07-24T17:22:50.289776000Z
Process ID:  3866 (0xf1a)
Parent PID:  1 (0x1)
Executable:  /usr/lib/virtualbox/VBoxHeadless
Arg[0]: /usr/lib/virtualbox/VBoxHeadless
Arg[1]: --comment
Arg[2]: C2-Orchestrator-Hasib
Arg[3]: --startvm
Arg[4]: 47acf4b4-b840-4cfb-988a-4131b59820bb
Arg[5]: --vrde
Arg[6]: config
E1000 #0: port=d010 mmio=00000000f0000000 mac-cfg=02:aa:f8:fc:c7:1b 82540EM R0
General registers ------------------------------------------------------------------
   CTRL=48000249  STATUS=00000083    EECD=00000140    EERD=00000000  LEDCTL=07068302
    FLA=00000000    MDIC=18350000                                  CTRL_EXT=00000000
   FCAL=00000000    FCAH=00000000     FCT=00000000     VET=00008100   FCTTV=00000000
    PBA=00000000    TXCW=00000000    RXCW=00000000              EXTCNF_CTRL=00000000
Interrupt registers ----------------------------------------------------------------
    ICR=00000000     ITR=000000c3     ICS=00000000     IMS=0000009d     IMC=00000000
Receive registers ------------------------------------------------------------------
   RCTL=00008002  PSRCTL=00040402   FCRTL=00000000   FCRTH=00000000  RXDCTL=00000000
  RDBAL=09802000   RDBAH=00000000   RDLEN=00001000     RDH=00000095     RDT=00000093
   RDTR=00000000    RADV=00000008   RSRPD=00000000  RXCSUM=00000200   RFCTL=00000000
Transmit registers -----------------------------------------------------------------
   TCTL=0103f0fa    TIPG=00602008    AIFS=00000000
  TDBAL=33fef000   TDBAH=00000000   TDLEN=00001000     TDH=000000b6     TDT=000000b6
   TIDV=00000008  TXDMAC=00000000  TXDCTL=01010000    TADV=00000020   TSPMT=01000400
Management registers ---------------------------------------------------------------
    WUC=00000000    WUFC=00000000     WUS=00000000
   IPAV=00000000    MANC=00000000    WUPL=00000000
Statistics registers ---------------------------------------------------------------
CRCERRS=00000000                 ALGNERRC=00000000 SYMERRS=00000000  RXERRC=00000000 
    MPC=00000000     SCC=00000000    ECOL=00000000
    MCC=00000000 LATECOL=00000000    COLC=00000000
     DC=00000000   TNCRS=00000000     SEC=00000000 CEXTERR=00000000    RLEC=00000000
 XONRXC=00000000  XONTXC=00000000 XOFFRXC=00000000 XOFFTXC=00000000   FCRUC=00000000
  PRC64=00000000  PRC127=00000000  PRC255=00000000
 PRC511=00000000 PRC1023=00000000 PRC1522=00000000
   GPRC=00000000    BPRC=00000000    MPRC=00000000    GPTC=00000000
  GORCL=00000000   GORCH=00000000   GOTCL=00000000   GOTCH=00000000    RNBC=00000000
    RUC=00000000     RFC=00000000     ROC=00000000     RJC=00000000
 MGTPRC=00000000  MGTPDC=00000000  MGTPTC=00000000     TPR=00000000     TPT=00000000
   TORL=00000000    TORH=00000000    TOTL=00000000    TOTH=00000000
  PTC64=00000000  PTC127=00000000  PTC255=00000000
 PTC511=00000000 PTC1023=00000000 PTC1522=00000000
   MPTC=00000000    BPTC=00000000   TSCTC=00000000  TSCTFC=00000000
Diagnostic registers ---------------------------------------------------------------
   RDFH=00000000    RDFT=00000000   RDFHS=00000000   RDFTS=00000000   RDFPC=00000000
   TDFH=00000000    TDFT=00000000   TDFHS=00000000   TDFTS=00000000   TDFPC=00000000

RA00: DST 02:aa:f8:fc:c7:1b
RA01: DST 33:33:00:00:00:01
RA02: DST 01:00:5e:00:00:01
RA03: DST 33:33:ff:fc:c7:1b
RA04: DST 01:80:c2:00:00:00
RA05: DST 01:80:c2:00:00:03
RA06: DST 01:80:c2:00:00:0e

PHY registers ----------------------------------------------------------------------
    PCTRL=1340  PSTATUS=796d      PID=0141     EPID=0c24      ANA=0de1      LPA=01e0
      ANE=0000      NPT=2001      LPN=0000     GCON=1e00  GSTATUS=0000 EPSTATUS=3000
    PSCON=0868   PSSTAT=bc08    PINTE=0000    PINTS=0000  EPSCON1=0d60     PREC=0000
  EPSCON2=000c    R30PS=0000    R30AW=0000

PHY MDIO: state=MDIO_IDLE acc=0 cnt=0 addr=0

E1000 #1: port=d240 mmio=00000000f0820000 mac-cfg=08:00:27:0b:89:9f 82540EM R0
General registers ------------------------------------------------------------------
   CTRL=48000249  STATUS=00000083    EECD=00000140    EERD=00000000  LEDCTL=07068302
    FLA=00000000    MDIC=18350000                                  CTRL_EXT=00000000
   FCAL=00000000    FCAH=00000000     FCT=00000000     VET=00008100   FCTTV=00000000
    PBA=00000000    TXCW=00000000    RXCW=00000000              EXTCNF_CTRL=00000000
Interrupt registers ----------------------------------------------------------------
    ICR=00000000     ITR=000000c3     ICS=00000000     IMS=0000009d     IMC=00000000
Receive registers ------------------------------------------------------------------
   RCTL=00008002  PSRCTL=00040402   FCRTL=00000000   FCRTH=00000000  RXDCTL=00000000
  RDBAL=0a813000   RDBAH=00000000   RDLEN=00001000     RDH=000000e7     RDT=000000e5
   RDTR=00000000    RADV=00000008   RSRPD=00000000  RXCSUM=00000200   RFCTL=00000000
Transmit registers -----------------------------------------------------------------
   TCTL=0103f0fa    TIPG=00602008    AIFS=00000000
  TDBAL=09996000   TDBAH=00000000   TDLEN=00001000     TDH=0000007d     TDT=0000007d
   TIDV=00000008  TXDMAC=00000000  TXDCTL=01010000    TADV=00000020   TSPMT=01000400
Management registers ---------------------------------------------------------------
    WUC=00000000    WUFC=00000000     WUS=00000000
   IPAV=00000000    MANC=00000000    WUPL=00000000
Statistics registers ---------------------------------------------------------------
CRCERRS=00000000                 ALGNERRC=00000000 SYMERRS=00000000  RXERRC=00000000 
    MPC=00000000     SCC=00000000    ECOL=00000000
    MCC=00000000 LATECOL=00000000    COLC=00000000
     DC=00000000   TNCRS=00000000     SEC=00000000 CEXTERR=00000000    RLEC=00000000
 XONRXC=00000000  XONTXC=00000000 XOFFRXC=00000000 XOFFTXC=00000000   FCRUC=00000000
  PRC64=00000000  PRC127=00000000  PRC255=00000000
 PRC511=00000000 PRC1023=00000000 PRC1522=00000000
   GPRC=00000000    BPRC=00000000    MPRC=00000000    GPTC=00000002
  GORCL=00000000   GORCH=00000000   GOTCL=0000016c   GOTCH=00000000    RNBC=00000000
    RUC=00000000     RFC=00000000     ROC=00000000     RJC=00000000
 MGTPRC=00000000  MGTPDC=00000000  MGTPTC=00000000     TPR=00000000     TPT=00000002
   TORL=00000000    TORH=00000000    TOTL=0000016c    TOTH=00000000
  PTC64=00000000  PTC127=00000000  PTC255=00000002
 PTC511=00000000 PTC1023=00000000 PTC1522=00000000
   MPTC=00000000    BPTC=00000000   TSCTC=00000000  TSCTFC=00000000
Diagnostic registers ---------------------------------------------------------------
   RDFH=00000000    RDFT=00000000   RDFHS=00000000   RDFTS=00000000   RDFPC=00000000
   TDFH=00000000    TDFT=00000000   TDFHS=00000000   TDFTS=00000000   TDFPC=00000000

RA00: DST 08:00:27:0b:89:9f
RA01: DST 33:33:00:00:00:01
RA02: DST 01:00:5e:00:00:01
RA03: DST 33:33:ff:0b:89:9f
RA04: DST 01:80:c2:00:00:00
RA05: DST 01:80:c2:00:00:03
RA06: DST 01:80:c2:00:00:0e

PHY registers ----------------------------------------------------------------------
    PCTRL=1340  PSTATUS=796d      PID=0141     EPID=0c24      ANA=0de1      LPA=01e0
      ANE=0000      NPT=2001      LPN=0000     GCON=1e00  GSTATUS=0000 EPSTATUS=3000
    PSCON=0868   PSSTAT=bc08    PINTE=0000    PINTS=0000  EPSCON1=0d60     PREC=0000
  EPSCON2=000c    R30PS=0000    R30AW=0000

PHY MDIO: state=MDIO_IDLE acc=0 cnt=0 addr=0


!!Assertion Failed!!
Expression: state <= 1 && ( (state == 0 && count == 0) || (state == 1 && count < PR_UINT32_MAX/2))
Location  : /build/reproducible-path/virtualbox-7.2.8-dfsg/src/libs/xpcom18a4/ipc/ipcd/client/src/ipcDConnectService.cpp(3181) virtual nsrefcnt ipcDConnectService::AddRef()
Stack     :
00007f2efff8c175 VBoxRT.so!RTAssertMsg2V+0x10b (rva:0x18c175)

AddRef: illegal refcnt=3221225469 state=2
